Archive member included to satisfy reference by file (symbol)

../../../../APS/targets/opl1000/Output-GCC/opl1000_app_m3.a(sys_init_patch.o)
                              C:\Users\DELL\AppData\Local\Temp\ccuTBzEx.o (Sys_SetUnsuedSramEndBound)
../../../../APS/targets/opl1000/Output-GCC/opl1000_app_m3.a(opl1000_it_patch.o)
                              ../../../../APS/targets/opl1000/Output-GCC/opl1000_app_m3.a(sys_init_patch.o) (ISR_Pre_PatchInit)
../../../../APS/targets/opl1000/Output-GCC/opl1000_app_m3.a(hal_system_patch.o)
                              ../../../../APS/targets/opl1000/Output-GCC/opl1000_app_m3.a(sys_init_patch.o) (Hal_Sys_PatchInit)
../../../../APS/targets/opl1000/Output-GCC/opl1000_app_m3.a(hal_gpio.o)
                              ../../../../APS/targets/opl1000/Output-GCC/opl1000_app_m3.a(sys_init_patch.o) (Hal_Gpio_Init)
../../../../APS/targets/opl1000/Output-GCC/opl1000_app_m3.a(hal_pin_patch.o)
                              ../../../../APS/targets/opl1000/Output-GCC/opl1000_app_m3.a(sys_init_patch.o) (Hal_Pin_PatchInit)
../../../../APS/targets/opl1000/Output-GCC/opl1000_app_m3.a(hal_vic_patch.o)
                              ../../../../APS/targets/opl1000/Output-GCC/opl1000_app_m3.a(sys_init_patch.o) (Hal_Vic_PatchInit)
../../../../APS/targets/opl1000/Output-GCC/opl1000_app_m3.a(hal_spi_patch.o)
                              ../../../../APS/targets/opl1000/Output-GCC/opl1000_app_m3.a(sys_init_patch.o) (Hal_Spi_PatchInit)
../../../../APS/targets/opl1000/Output-GCC/opl1000_app_m3.a(hal_flash_patch.o)
                              ../../../../APS/targets/opl1000/Output-GCC/opl1000_app_m3.a(sys_init_patch.o) (Hal_Flash_PatchInit)
../../../../APS/targets/opl1000/Output-GCC/opl1000_app_m3.a(hal_dbg_uart_patch.o)
                              ../../../../APS/targets/opl1000/Output-GCC/opl1000_app_m3.a(sys_init_patch.o) (Hal_DbgUart_PatchInit)
../../../../APS/targets/opl1000/Output-GCC/opl1000_app_m3.a(hal_uart_patch.o)
                              ../../../../APS/targets/opl1000/Output-GCC/opl1000_app_m3.a(sys_init_patch.o) (Hal_Uart_PatchInit)
../../../../APS/targets/opl1000/Output-GCC/opl1000_app_m3.a(hal_auxadc_patch.o)
                              ../../../../APS/targets/opl1000/Output-GCC/opl1000_app_m3.a(sys_init_patch.o) (Hal_Aux_PatchInit)
../../../../APS/targets/opl1000/Output-GCC/opl1000_app_m3.a(at_cmd_func_patch.o)
                              ../../../../APS/targets/opl1000/Output-GCC/opl1000_app_m3.a(sys_init_patch.o) (at_func_init_patch)
../../../../APS/targets/opl1000/Output-GCC/opl1000_app_m3.a(at_cmd_sys_patch.o)
                              ../../../../APS/targets/opl1000/Output-GCC/opl1000_app_m3.a(at_cmd_func_patch.o) (at_cmd_sys_func_init_patch)
../../../../APS/targets/opl1000/Output-GCC/opl1000_app_m3.a(at_cmd_task_patch.o)
                              ../../../../APS/targets/opl1000/Output-GCC/opl1000_app_m3.a(at_cmd_func_patch.o) (at_task_func_init_patch)
../../../../APS/targets/opl1000/Output-GCC/opl1000_app_m3.a(at_cmd_app_patch.o)
                              ../../../../APS/targets/opl1000/Output-GCC/opl1000_app_m3.a(at_cmd_func_patch.o) (at_cmd_app_func_preinit_patch)
../../../../APS/targets/opl1000/Output-GCC/opl1000_app_m3.a(at_cmd_tcpip_patch.o)
                              ../../../../APS/targets/opl1000/Output-GCC/opl1000_app_m3.a(at_cmd_func_patch.o) (at_cmd_tcpip_api_preinit_patch)
../../../../APS/targets/opl1000/Output-GCC/opl1000_app_m3.a(at_cmd_wifi_patch.o)
                              ../../../../APS/targets/opl1000/Output-GCC/opl1000_app_m3.a(at_cmd_func_patch.o) (at_cmd_wifi_func_init_patch)
../../../../APS/targets/opl1000/Output-GCC/opl1000_app_m3.a(at_cmd_common_patch.o)
                              ../../../../APS/targets/opl1000/Output-GCC/opl1000_app_m3.a(at_cmd_func_patch.o) (at_cmd_common_func_init_patch)
../../../../APS/targets/opl1000/Output-GCC/opl1000_app_m3.a(at_cmd_data_process_patch.o)
                              ../../../../APS/targets/opl1000/Output-GCC/opl1000_app_m3.a(at_cmd_common_patch.o) (g_u32AtAppDataOffset)
../../../../APS/targets/opl1000/Output-GCC/opl1000_app_m3.a(at_cmd_ext_patch.o)
                              ../../../../APS/targets/opl1000/Output-GCC/opl1000_app_m3.a(at_cmd_func_patch.o) (gAtCmdTbl_Ext)
../../../../APS/targets/opl1000/Output-GCC/opl1000_app_m3.a(at_cmd_patch.o)
                              ../../../../APS/targets/opl1000/Output-GCC/opl1000_app_m3.a(at_cmd_func_patch.o) (at_cmd_func_init_patch)
../../../../APS/targets/opl1000/Output-GCC/opl1000_app_m3.a(at_cmd_msg_ext_patch.o)
                              ../../../../APS/targets/opl1000/Output-GCC/opl1000_app_m3.a(at_cmd_func_patch.o) (at_msg_ext_init_patch)
../../../../APS/targets/opl1000/Output-GCC/opl1000_app_m3.a(wifi_mac_tx_data_patch.o)
                              ../../../../APS/targets/opl1000/Output-GCC/opl1000_app_m3.a(sys_init_patch.o) (wifi_mac_txdata_func_init_patch)
[...]
Memory Configuration

Name             Origin             Length             Attributes
*default*        0x00000000         0xffffffff

Linker script and memory map

LOAD ../../../../APS/targets/opl1000/object/symdefs_gcc.o
                0x00000000                __ARM_use_no_argv = 0x0
                0x00000000                __Vectors = 0x0
                0x00000000                _printf_a = 0x0
                0x00000000                _printf_c = 0x0
                0x00000000                _printf_charcount = 0x0
                0x00000000                _printf_d = 0x0
                0x00000000                _printf_e = 0x0
                0x00000000                _printf_f = 0x0
                0x00000000                _printf_flags = 0x0
                0x00000000                _printf_fp_dec = 0x0
                0x00000000                _printf_fp_hex = 0x0
                0x00000000                _printf_g = 0x0
                0x00000000                _printf_i = 0x0
                0x00000000                _printf_int_dec = 0x0
                0x00000000                _printf_l = 0x0
                0x00000000                _printf_lc = 0x0
                0x00000000                _printf_ll = 0x0
                0x00000000                _printf_lld = 0x0
                0x00000000                _printf_lli = 0x0
                0x00000000                _printf_llo = 0x0
                0x00000000                _printf_llu = 0x0
                0x00000000                _printf_llx = 0x0
                0x00000000                _printf_longlong_dec = 0x0
                0x00000000                _printf_longlong_hex = 0x0
                0x00000000                _printf_longlong_oct = 0x0
                0x00000000                _printf_ls = 0x0
                0x00000000                _printf_mbtowc = 0x0
                0x00000000                _printf_n = 0x0
                0x00000000                _printf_o = 0x0
                0x00000000                _printf_p = 0x0
                0x00000000                _printf_percent = 0x0
                0x00000000                _printf_pre_padding = 0x0
                0x00000000                _printf_return_value = 0x0
                0x00000000                _printf_s = 0x0
                0x00000000                _printf_sizespec = 0x0
                0x00000000                _printf_str = 0x0
                0x00000000                _printf_truncate_signed = 0x0
                0x00000000                _printf_truncate_unsigned = 0x0
                0x00000000                _printf_u = 0x0
                0x00000000                _printf_wc = 0x0
                0x00000000                _printf_wctomb = 0x0
                0x00000000                _printf_widthprec = 0x0
                0x00000000                _printf_x = 0x0
                0x000000c0                __Vectors_End = 0xc0
                0x000000c0                __Vectors_Size = 0xc0
                0x000000c1                __main = 0xc1
                0x000000c1                _main_stk = 0xc1
                0x000000c5                _main_scatterload = 0xc5
                0x000000c9                __main_after_scatterload = 0xc9
                0x000000c9                _main_clock = 0xc9
                0x000000c9                _main_cpp_init = 0xc9
                0x000000c9                _main_init = 0xc9
                0x000000d1                __rt_final_cpp = 0xd1
                0x000000d1                __rt_final_exit = 0xd1
                0x000000d5                SVC_Handler = 0xd5
                0x000000f9                __asm___6_port_c_39a90d8d__prvStartFirstTask = 0xf9
                0x00000119                PendSV_Handler = 0x119
                0x00000165                vPortGetIPSR = 0x165
                0x0000016d                Reset_Handler = 0x16d
                0x000001b3                NMI_Handler = 0x1b3
                0x000001b5                HardFault_Handler = 0x1b5
                0x000001b7                MemManage_Handler = 0x1b7
                0x000001b9                BusFault_Handler = 0x1b9
                0x000001bb                UsageFault_Handler = 0x1bb
                0x000001bf                DebugMon_Handler = 0x1bf
                0x000001dd                __aeabi_uldivmod = 0x1dd
                0x0000023f                __aeabi_llsl = 0x23f
                0x0000023f                _ll_shift_l = 0x23f
                0x0000025d                __rt_ctype_table = 0x25d
                0x00000265                qsort = 0x265
                0x00000301                rand = 0x301
                0x00000315                srand = 0x315
                0x00000325                ____aeabi_memcpy8$ret$move = 0x325
                0x00000325                ___aeabi_memmove4$ret = 0x325
                0x00000325                ___aeabi_memmove8$ret = 0x325
                0x00000325                __aeabi_memcpy = 0x325
                0x00000325                __aeabi_memcpy4 = 0x325
                0x00000325                __aeabi_memmove = 0x325
                0x00000325                _memcpy$move = 0x325
                0x00000325                memmove = 0x325
                0x00000367                __aeabi_memset = 0x367
                0x00000367                __aeabi_memset4 = 0x367
                0x00000367                __aeabi_memset8 = 0x367
                0x00000375                __aeabi_memclr = 0x375
                0x00000375                __aeabi_memclr4 = 0x375
                0x00000375                __aeabi_memclr8 = 0x375
                0x00000379                memset = 0x379
                0x0000038b                strcat = 0x38b
                0x000003a3                strstr = 0x3a3
                0x000003c7                strncpy = 0x3c7
                0x000003df                strchr = 0x3df
                0x000003f3                strlen = 0x3f3
                0x00000401                strcmp = 0x401
                0x0000041d                memcmp = 0x41d
                0x00000437                strcpy = 0x437
                0x00000449                strncmp = 0x449
                0x00000469                strtok_r = 0x469
                0x000004a5                _strtok$wrapper = 0x4a5
                0x000004ad                strrchr = 0x4ad
                0x000004cd                strcasecmp = 0x4cd
                0x000004f7                strncasecmp = 0x4f7
                0x00000529                calloc = 0x529
                0x00000545                strtol = 0x545
                0x000005b5                strtoul = 0x5b5
                0x00000627                strtoull = 0x627
                0x0000062b                atoi = 0x62b
                0x00000645                __aeabi_fadd = 0x645
                0x000006e9                __aeabi_fsub = 0x6e9
                0x000006ef                __aeabi_frsub = 0x6ef
                0x000006f5                __aeabi_fmul = 0x6f5
                0x00000759                __aeabi_fdiv = 0x759
                0x000007d5                __aeabi_dmul = 0x7d5
                0x000008b9                __aeabi_ddiv = 0x8b9
                0x00000997                __aeabi_ui2f = 0x997
                0x000009a1                __aeabi_ui2d = 0x9a1
                0x000009bb                __aeabi_f2iz = 0x9bb
                0x000009ed                __aeabi_f2uiz = 0x9ed
                0x00000a15                __aeabi_d2uiz = 0xa15
                0x00000a49                __aeabi_cdcmpeq = 0xa49
                0x00000a49                __aeabi_cdcmple = 0xa49
                0x00000a79                __aeabi_cfcmpeq = 0xa79
                0x00000a79                __aeabi_cfcmple = 0xa79
                0x00000a8d                __aeabi_cfrcmple = 0xa8d
                0x00000aa1                __aeabi_uidiv = 0xaa1
                0x00000aa1                __aeabi_uidivmod = 0xaa1
                0x00000acd                __aeabi_llsr = 0xacd
                0x00000acd                _ll_ushift_r = 0xacd
                0x00000aed                tolower = 0xaed
                0x00000af9                _strtoul = 0xaf9
                0x00000b97                __strtoull = 0xb97
                0x00000c13                __I$use$fp = 0xc13
                0x00000c13                _float_round = 0xc13
                0x00000c25                _float_epilogue = 0xc25
                0x00000c81                _double_round = 0xc81
                0x00000c9f                _double_epilogue = 0xc9f
                0x00000d3b                __aeabi_dadd = 0xd3b
                0x00000e7d                __aeabi_dsub = 0xe7d
                0x00000e83                __aeabi_drsub = 0xe83
                0x00000e89                __aeabi_d2ulz = 0xe89
                0x00000eb9                __aeabi_cdrcmple = 0xeb9
                0x00000ee9                __scatterload = 0xee9
                0x00000ee9                __scatterload_rt2 = 0xee9
                0x00000f0d                __aeabi_lasr = 0xf0d
                0x00000f0d                _ll_sshift_r = 0xf0d
                0x00000f31                _chval = 0xf31
                0x00000f4d                _strtoull = 0xf4d
                0x0000100f                __decompress = 0x100f
                0x0000100f                __decompress1 = 0x100f
                0x00001065                AlignWord = 0x1065
                0x00001159                BootAgent_ChangeBaud_impl = 0x1159
                0x000011d1                BootAgent_DelayMs_impl = 0x11d1
                0x000011f7                Boot_BeforeApplyPatch_impl = 0x11f7
                0x00001209                Boot_BusyLoop_impl = 0x1209
                0x0000121d                Boot_CheckBootstrap_impl = 0x121d
                0x0000126d                Boot_CheckPattern = 0x126d
                0x0000129d                Boot_CheckStrapEarly = 0x129d
                0x000012b1                Boot_CheckUartBehavior = 0x12b1
                0x0000135d                Boot_CheckWarmBoot = 0x135d
                0x0000136f                Boot_ClockSetting = 0x136f
                0x00001371                Boot_EraseFlashSector = 0x1371
                0x00001419                Boot_FTTestMode_impl = 0x1419
                0x0000142b                Boot_GetCheckSum = 0x142b
                0x00001441                Boot_MainPatch_impl = 0x1441
                0x00001451                Boot_PatchFuncInit = 0x1451
                0x000014a1                Boot_PowerSetting = 0x14a1
                0x00001555                Boot_PrePlatformInit = 0x1555
                0x00001585                Boot_PrepareM0PatchOK_impl = 0x1585
                0x000015ad                Boot_RecvMultiData = 0x15ad
                0x000015d3                Boot_SendMultiData = 0x15d3
                0x000015f9                Boot_Sequence = 0x15f9
                0x00001659                Boot_SpiInit = 0x1659
                0x0000168d                Boot_SpiLoadPatch = 0x168d
                0x00001715                Boot_SwapEndian = 0x1715
                0x00001731                Boot_UartInit = 0x1731
                0x00001741                Boot_UartLoadPatch = 0x1741
                0x00001749                Boot_UartTransfer = 0x1749
                0x000018b1                Boot_UartWriteFlash = 0x18b1
                0x000018b7                Boot_WarmBootHook_impl = 0x18b7
                0x000018c9                Boot_Wdgst_Param = 0x18c9
                0x00001901                Boot_XtalStableCheck = 0x1901
                0x00001945                BufToDec32 = 0x1945
                0x00001955                BufToOctets = 0x1955
                0x00001979                CTRL_TaskReceiveHciPacket_impl = 0x1979
                0x00001aa5                CTRL_TaskSendHciPacketFromShm_impl = 0x1aa5
                0x00001c29                CTRL_TaskSendHciPacket_impl = 0x1c29
                0x00001de5                CTRL_TaskSendWifiCmd_impl = 0x1de5
                0x00001e35                CTRL_TaskSendWifiEvt_impl = 0x1e35
                0x00001e85                CmdProcess_impl = 0x1e85
                0x00002069                Cmd_TokenParse = 0x2069
                0x000020b1                CtrlWifi_PsStateForce_impl = 0x20b1
                0x000020f5                CtrlWifi_PsTout = 0x20f5
                0x00002115                DMA_IRQHandler = 0x2115
                0x00002121                DMA_IRQHandler_Entry_impl = 0x2121
                0x00002135                Dec16ToOctets = 0x2135
                0x00002155                Diag_DummyUserCmd_impl = 0x2155
                0x00002159                Diag_UserCmdSet_impl = 0x2159
                0x00002165                EccPointJacobi_isZero = 0x2165
                0x0000216d                EccPoint_add = 0x216d
                0x000023c9                EccPoint_isZero = 0x23c9
                0x000023e5                EccPoint_mult = 0x23e5
                0x000024b9                EccPoint_toAffine = 0x24b9
                0x000025d5                Fprt_DigestCheck = 0x25d5
                0x0000289d                Fprt_Init = 0x289d
                0x000028e9                Fprt_ProcessCmd_impl = 0x28e9
                0x0000292d                Fprt_SecureBoot = 0x292d
                0x000029e5                FreeMem = 0x29e5
                0x000029fd                GPIO_IRQHandler = 0x29fd
                0x00002a09                GPIO_IRQHandler_Entry_impl = 0x2a09
                0x00002a81                GenerateRandom = 0x2a81
                0x00002add                Hal_Aux_AdcValueGet_impl = 0x2add
                0x00002bf1                Hal_Aux_CmdParse_impl = 0x2bf1
                0x00002ded                Hal_Aux_Init_impl = 0x2ded
                0x00002f19                Hal_Aux_IoVoltageCalibration_impl = 0x2f19
                0x00002fa9                Hal_Aux_IoVoltageGet_impl = 0x2fa9
                0x00003021                Hal_Aux_Pinmux_impl = 0x3021
                0x00003061                Hal_Aux_PreInitCold = 0x3061
                0x000030dd                Hal_Aux_SourceSelect_impl = 0x30dd
                0x00003149                Hal_Aux_VbatCalibration_impl = 0x3149
                0x000031d5                Hal_Aux_VbatGet_impl = 0x31d5
                0x00003245                Hal_DbgUart_BaudRateGet_impl = 0x3245
                0x00003251                Hal_DbgUart_BaudRateSet_impl = 0x3251
                0x0000329d                Hal_DbgUart_DataRecvTimeOut_impl = 0x329d
                0x000032f9                Hal_DbgUart_DataRecv_impl = 0x32f9
                0x00003329                Hal_DbgUart_DataSendTimeOut_impl = 0x3329
                0x00003385                Hal_DbgUart_DataSend_impl = 0x3385
                0x000033b5                Hal_DbgUart_Init_impl = 0x33b5
                0x000033ed                Hal_DbgUart_IntClear_impl = 0x33ed
                0x000033fd                Hal_DbgUart_IntStatusRead_impl = 0x33fd
                0x00003409                Hal_DbgUart_ParamInit = 0x3409
                0x00003415                Hal_DbgUart_Pre_Init = 0x3415
                0x00003425                Hal_DbgUart_RxCallBackFuncSet_impl = 0x3425
                0x00003431                Hal_DbgUart_RxIntEnStatusGet_impl = 0x3431
                0x0000343d                Hal_DbgUart_RxIntEn_impl = 0x343d
                0x000034c1                Hal_Dma_Init_impl = 0x34c1
                0x00003525                Hal_Dma_IntClear_impl = 0x3525
                0x00003535                Hal_Dma_Pre_Init = 0x3535
                0x00003555                Hal_Dma_Transfer_impl = 0x3555
                0x00003569                Hal_Flash_4KSectorAddrErase_Internal_impl = 0x3569
                0x00003601                Hal_Flash_4KSectorAddrErase_impl = 0x3601
                0x00003655                Hal_Flash_4KSectorIdxErase_Internal_impl = 0x3655
                0x00003661                Hal_Flash_4KSectorIdxErase_impl = 0x3661
                0x0000366d                Hal_Flash_AddrProgram_Internal_impl = 0x366d
                0x00003885                Hal_Flash_AddrProgram_impl = 0x3885
                0x000038e5                Hal_Flash_AddrRead_Internal_impl = 0x38e5
                0x00003a71                Hal_Flash_AddrRead_impl = 0x3a71
                0x00003ad1                Hal_Flash_Check_impl = 0x3ad1
                0x00003ae1                Hal_Flash_Init_Internal_impl = 0x3ae1
                0x00003b21                Hal_Flash_Init_impl = 0x3b21
                0x00003ba1                Hal_Flash_PageAddrProgram_Internal_impl = 0x3ba1
                0x00003cf1                Hal_Flash_PageAddrProgram_impl = 0x3cf1
                0x00003d4d                Hal_Flash_PageAddrRead_Internal_impl = 0x3d4d
                0x00003e85                Hal_Flash_PageAddrRead_impl = 0x3e85
                0x00003ee1                Hal_Flash_PageIdxProgram_Internal_impl = 0x3ee1
                0x00003ef5                Hal_Flash_PageIdxProgram_impl = 0x3ef5
                0x00003f09                Hal_Flash_ParamInit = 0x3f09
                0x00003f21                Hal_Flash_Pre_Init = 0x3f21
                0x00003f31                Hal_Flash_Reset_Internal_impl = 0x3f31
                0x00003f81                Hal_Flash_Reset_impl = 0x3f81
                0x00003fc9                Hal_I2c_FsClockSet_impl = 0x3fc9
                0x0000400d                Hal_I2c_IntHandler_impl = 0x400d
                0x0000404d                Hal_I2c_MasterInit_impl = 0x404d
                0x000040e9                Hal_I2c_MasterReceive_impl = 0x40e9
                0x000041cd                Hal_I2c_MasterTrasmit_impl = 0x41cd
                0x00004245                Hal_I2c_Pre_Init = 0x4245
                0x000042dd                Hal_I2c_SlaveInit_impl = 0x42dd
                0x00004381                Hal_I2c_SlaveIntRxCallBackFuncSet_impl = 0x4381
                0x0000438d                Hal_I2c_SlaveIntRxEn_impl = 0x438d
                0x000043a9                Hal_I2c_SlaveIntTxCallBackFuncSet_impl = 0x43a9
                0x000043b5                Hal_I2c_SlaveIntTxEn_impl = 0x43b5
                0x000043d1                Hal_I2c_SlaveReceive_impl = 0x43d1
                0x00004419                Hal_I2c_SlaveTrasmit_impl = 0x4419
                0x00004461                Hal_I2c_SpeedGet_impl = 0x4461
                0x0000447d                Hal_I2c_SpeedSet_impl = 0x447d
                0x0000455d                Hal_I2c_TargetAddrSet_impl = 0x455d
                0x000045a9                Hal_Patch_ApplyHwPatchM0 = 0x45a9
                0x00004665                Hal_Patch_ApplyHwPatchM3 = 0x4665
                0x00004721                Hal_Patch_DataIn = 0x4721
                0x000047c9                Hal_Patch_Init = 0x47c9
                0x00004801                Hal_Patch_PreInitCold = 0x4801
                0x00004f39                Hal_Pin_ConfigSet_IO_0 = 0x4f39
                0x00005021                Hal_Pin_ConfigSet_IO_1 = 0x5021
                0x00005109                Hal_Pin_ConfigSet_IO_10 = 0x5109
                0x00005205                Hal_Pin_ConfigSet_IO_11 = 0x5205
                0x00005301                Hal_Pin_ConfigSet_IO_12 = 0x5301
                0x000053e9                Hal_Pin_ConfigSet_IO_13 = 0x53e9
                0x000054d1                Hal_Pin_ConfigSet_IO_14 = 0x54d1
                0x000055c1                Hal_Pin_ConfigSet_IO_15 = 0x55c1
                0x000056bd                Hal_Pin_ConfigSet_IO_16 = 0x56bd
                0x000057b9                Hal_Pin_ConfigSet_IO_17 = 0x57b9
                0x000058b5                Hal_Pin_ConfigSet_IO_18 = 0x58b5
                0x000059a5                Hal_Pin_ConfigSet_IO_19 = 0x59a5
                0x00005a9d                Hal_Pin_ConfigSet_IO_2 = 0x5a9d
                0x00005b8d                Hal_Pin_ConfigSet_IO_20 = 0x5b8d
                0x00005cb5                Hal_Pin_ConfigSet_IO_21 = 0x5cb5
                0x00005dd9                Hal_Pin_ConfigSet_IO_22 = 0x5dd9
                0x00005ecd                Hal_Pin_ConfigSet_IO_23 = 0x5ecd
                0x00005fcd                Hal_Pin_ConfigSet_IO_3 = 0x5fcd
                0x000060c9                Hal_Pin_ConfigSet_IO_4 = 0x60c9
                0x0000619d                Hal_Pin_ConfigSet_IO_5 = 0x619d
                0x00006275                Hal_Pin_ConfigSet_IO_6 = 0x6275
                0x00006351                Hal_Pin_ConfigSet_IO_7 = 0x6351
                0x00006439                Hal_Pin_ConfigSet_IO_8 = 0x6439
                0x00006541                Hal_Pin_ConfigSet_IO_9 = 0x6541
                0x00006649                Hal_Pin_ConfigSet_impl = 0x6649
                0x00006765                Hal_Pin_PreInitCold = 0x6765
                0x00006849                Hal_Pwm_ClockSourceSet_impl = 0x6849
                0x0000687d                Hal_Pwm_ComplexConfigSet_impl = 0x687d
                0x000068fd                Hal_Pwm_Disable_impl = 0x68fd
                0x00006911                Hal_Pwm_Enable_impl = 0x6911
                0x00006925                Hal_Pwm_Init_impl = 0x6925
                0x0000695d                Hal_Pwm_PreInitCold = 0x695d
                0x000069a5                Hal_Pwm_SimpleConfigSet_impl = 0x69a5
                0x00006a55                Hal_Pwm_SyncEnable_impl = 0x6a55
                0x00006a75                Hal_Spi_BaudRateGet_impl = 0x6a75
                0x00006a89                Hal_Spi_BaudRateSet_impl = 0x6a89
                0x00006ae5                Hal_Spi_Data_Recv_impl = 0x6ae5
                0x00006b29                Hal_Spi_Data_Send_impl = 0x6b29
                0x00006b6d                Hal_Spi_Init_impl = 0x6b6d
                0x00006c19                Hal_Spi_Pre_Init = 0x6c19
                0x00006c49                Hal_SysPinMuxAppInit_impl = 0x6c49
                0x00006d45                Hal_SysPinMuxBootROMInit_impl = 0x6d45
                0x00006d85                Hal_SysPinMuxDownloadInit_impl = 0x6d85
                0x00006d99                Hal_SysPinMuxM3UartSwitch_impl = 0x6d99
                0x00006dcd                Hal_SysPinMuxSpiFlashInit_impl = 0x6dcd
                0x00006e01                Hal_Sys_32kXtalCapSet_impl = 0x6e01
                0x00006e21                Hal_Sys_32kXtalGainSet_impl = 0x6e21
                0x00006e41                Hal_Sys_AosIdRead_impl = 0x6e41
                0x00006e4d                Hal_Sys_ApsClkChangeApply_impl = 0x6e4d
                0x00006f11                Hal_Sys_ApsClkEn_impl = 0x6f11
                0x00006fcd                Hal_Sys_ApsClkMmFactorSet_impl = 0x6fcd
                0x0000701d                Hal_Sys_ApsClkResume_impl = 0x701d
                0x00007035                Hal_Sys_ApsClkStore_impl = 0x7035
                0x00007049                Hal_Sys_ApsClkTreeSetup_impl = 0x7049
                0x000071e5                Hal_Sys_ApsClkTreeUnusedSrcDis_default = 0x71e5
                0x00007245                Hal_Sys_ApsClkTreeUnusedSrcDis_dummy = 0x7245
                0x00007259                Hal_Sys_ApsClkTreeUsedSrcEn_impl = 0x7259
                0x000072b1                Hal_Sys_ApsModuleRst_impl = 0x72b1
                0x000073f1                Hal_Sys_ChipIdRead_impl = 0x73f1
                0x00007401                Hal_Sys_DisableClock_impl = 0x7401
                0x00007431                Hal_Sys_FastStartUpEn_impl = 0x7431
                0x00007445                Hal_Sys_MsqClkChangeApply_impl = 0x7445
                0x00007459                Hal_Sys_MsqClkEn_impl = 0x7459
                0x000074cd                Hal_Sys_MsqClkTreeSetup_impl = 0x74cd
                0x0000755d                Hal_Sys_MsqClkTreeUnusedSrcDis_default = 0x755d
                0x00007589                Hal_Sys_MsqClkTreeUnusedSrcDis_dummy = 0x7589
                0x0000759d                Hal_Sys_MsqClkTreeUsedSrcEn_impl = 0x759d
                0x000075bd                Hal_Sys_MsqModuleRst_impl = 0x75bd
                0x0000768d                Hal_Sys_MsqRomReampAll_impl = 0x768d
                0x000076ad                Hal_Sys_OtpRead_impl = 0x76ad
                0x000076fd                Hal_Sys_PhyClkChangeApply_impl = 0x76fd
                0x00007711                Hal_Sys_PhyClkEn_impl = 0x7711
                0x00007795                Hal_Sys_PhyClkTreeSetup_impl = 0x7795
                0x0000783d                Hal_Sys_PmuSfVolSet_impl = 0x783d
                0x0000785d                Hal_Sys_PowerDefaultSettings_impl = 0x785d
                0x000078a9                Hal_Sys_PowerManualEn_impl = 0x78a9
                0x000078bd                Hal_Sys_Pre_Init = 0x78bd
                0x00007a79                Hal_Sys_PtatEn_impl = 0x7a79
                0x00007a95                Hal_Sys_PwmSrcSelect_impl = 0x7a95
                0x00007ac1                Hal_Sys_RcCal_impl = 0x7ac1
                0x00007b8d                Hal_Sys_ResetStatusClear = 0x7b8d
                0x00007b9d                Hal_Sys_ResetStatusRead = 0x7b9d
                0x00007ba9                Hal_Sys_RetRamStatusRead_impl = 0x7ba9
                0x00007bb5                Hal_Sys_RetRamTurnOff_impl = 0x7bb5
                0x00007bed                Hal_Sys_RetRamTurnOn_impl = 0x7bed
                0x00007c21                Hal_Sys_SleepInit_impl = 0x7c21
                0x00007c81                Hal_Sys_SleepTimerGet_impl = 0x7c81
                0x00007c9d                Hal_Sys_SleepTimerSet_impl = 0x7c9d
                0x00007cdd                Hal_Sys_SleepTrig_impl = 0x7cdd
                0x00007ced                Hal_Sys_SpareRegRead_impl = 0x7ced
                0x00007d21                Hal_Sys_SpareRegWrite_impl = 0x7d21
                0x00007d55                Hal_Sys_SramDffBypass_impl = 0x7d55
                0x00007d71                Hal_Sys_StrapModeOverWrite_impl = 0x7d71
                0x00007da9                Hal_Sys_StrapModeRead_impl = 0x7da9
                0x00007db9                Hal_Sys_SwDebugEn_impl = 0x7db9
                0x00007dd5                Hal_Sys_SwResetAll_impl = 0x7dd5
                0x00007de9                Hal_Tick_Diff = 0x7de9
                0x00007e01                Hal_Tick_DiffEx = 0x7e01
                0x00007e1d                Hal_Tick_Init = 0x7e1d
                0x00007e45                Hal_Tick_MilliSecMax = 0x7e45
                0x00007e55                Hal_Tick_PerMilliSec = 0x7e55
                0x00007e65                Hal_Tmpr_CmdParse_impl = 0x7e65
                0x00007f55                Hal_Tmpr_CompareResistor_impl = 0x7f55
                0x00007fed                Hal_Tmr_CallBackFuncSet_impl = 0x7fed
                0x00008015                Hal_Tmpr_Init_impl = 0x8015
                0x00008059                Hal_Tmpr_PreInitCold = 0x8059
                0x0000809d                Hal_Tmpr_TemperatureGet_impl = 0x809d
                0x00008111                Hal_Tmr_Init_impl = 0x8111
                0x000081c5                Hal_Tmr_IntClear_impl = 0x81c5
                0x000081e1                Hal_Tmr_Pre_Init = 0x81e1
                0x00008235                Hal_Tmr_ReadCurrValue_impl = 0x8235
                0x00008261                Hal_Tmr_Reload_impl = 0x8261
                0x000082a9                Hal_Tmr_Start_impl = 0x82a9
                0x000082f9                Hal_Tmr_Stop_impl = 0x82f9
                0x00008315                Hal_Uart_BaudRateSet_impl = 0x8315
                0x0000836d                Hal_Uart_ConfigGet_impl = 0x836d
                0x0000838d                Hal_Uart_ConfigSet_impl = 0x838d
                0x00008409                Hal_Uart_DataRecvTimeOut_impl = 0x8409
                0x00008471                Hal_Uart_DataRecv_impl = 0x8471
                0x000084a9                Hal_Uart_DataSendTimeOut_impl = 0x84a9
                0x0000850d                Hal_Uart_DataSend_impl = 0x850d
                0x00008541                Hal_Uart_Init_impl = 0x8541
                0x000085d1                Hal_Uart_IntClear_impl = 0x85d1
                0x00008619                Hal_Uart_IntIdRead_impl = 0x8619
                0x0000863d                Hal_Uart_Pre_Init = 0x863d
                0x000086c1                Hal_Uart_RxCallBackFuncSet_impl = 0x86c1
                0x000086d5                Hal_Uart_RxIntEn_impl = 0x86d5
                0x000087a1                Hal_Vic_GpioCallBackFuncSet_impl = 0x87a1
                0x000087b1                Hal_Vic_GpioDirection_impl = 0x87b1
                0x000087c5                Hal_Vic_GpioInit_impl = 0x87c5
                0x000087fd                Hal_Vic_GpioInput_impl = 0x87fd
                0x00008811                Hal_Vic_GpioIntClear_impl = 0x8811
                0x00008825                Hal_Vic_GpioIntEn_impl = 0x8825
                0x00008841                Hal_Vic_GpioIntInv_impl = 0x8841
                0x0000885d                Hal_Vic_GpioIntMask_impl = 0x885d
                0x00008879                Hal_Vic_GpioIntStatRead_impl = 0x8879
                0x00008885                Hal_Vic_GpioIntTypeSel_impl = 0x8885
                0x000088b9                Hal_Vic_GpioOutput_impl = 0x88b9
                0x000088cd                Hal_Vic_GpioPinmux_impl = 0x88cd
                0x00008901                Hal_Vic_Init_impl = 0x8901
                0x0000892d                Hal_Vic_IntClear_impl = 0x892d
                0x00008945                Hal_Vic_IntEn_impl = 0x8945
                0x00008961                Hal_Vic_IntInv_impl = 0x8961
                0x0000897d                Hal_Vic_IntMask_impl = 0x897d
                0x00008999                Hal_Vic_IntStatRead_impl = 0x8999
                0x000089a5                Hal_Vic_IntTypeSel_impl = 0x89a5
                0x000089d9                Hal_Vic_IpcIntClear_impl = 0x89d9
                0x000089f5                Hal_Vic_IpcIntEn_impl = 0x89f5
                0x00008a71                Hal_Vic_IpcIntOtherCoreStatRead_impl = 0x8a71
                0x00008a81                Hal_Vic_IpcIntTrig_impl = 0x8a81
                0x00008a99                Hal_Vic_MmFactorResumeByGpioIntEn_impl = 0x8a99
                0x00008ab5                Hal_Vic_MmFactorResumeByGpioIntStatRead_impl = 0x8ab5
                0x00008ac1                Hal_Vic_MmFactorResumeByIpcIntEn_impl = 0x8ac1
                0x00008add                Hal_Vic_MmFactorResumeByIpcIntStatRead_impl = 0x8add
                0x00008ae9                Hal_Vic_Pre_Init = 0x8ae9
                0x00008bd9                Hal_Wdt_Clear_impl = 0x8bd9
                0x00008bfd                Hal_Wdt_Feed_impl = 0x8bfd
                0x00008c19                Hal_Wdt_InitForInt_impl = 0x8c19
                0x00008c95                Hal_Wdt_Init_impl = 0x8c95
                0x00008d11                Hal_Wdt_Pre_Init = 0x8d11
                0x00008d49                Hal_Wdt_Start_impl = 0x8d49
                0x00008d6d                Hal_Wdt_Stop_impl = 0x8d6d
                0x00008d91                I2C_IRQHandler = 0x8d91
                0x00008d9d                I2C_IRQHandler_Entry_impl = 0x8d9d
                0x00008db9                IPC0_IRQHandler = 0x8db9
                0x00008dc5                IPC0_IRQHandler_Entry_impl = 0x8dc5
                0x00008dd1                IPC1_IRQHandler = 0x8dd1
                0x00008ddd                IPC1_IRQHandler_Entry_impl = 0x8ddd
                0x00008de9                IPC2_IRQHandler = 0x8de9
                0x00008df5                IPC2_IRQHandler_Entry_impl = 0x8df5
                0x00008e11                IPC3_IRQHandler = 0x8e11
                0x00008e1d                IPC3_IRQHandler_Entry_impl = 0x8e1d
                0x00008e29                ISR_Pre_Init = 0x8e29
                0x00008ec9                Ipc_PreInit = 0x8ec9
                0x00009275                IsEqualVal = 0x9275
                0x00009299                JTAG_IRQHandler = 0x9299
                0x000092a5                JTAG_IRQHandler_Entry_impl = 0x92a5
                0x000094c9                LeAttClientPatch = 0x94c9
                0x00009541                LeAttCommonPatch = 0x9541
                0x000095f5                LeAttCommonVarGet = 0x95f5
                0x000095fd                LeAttExchangeMtuReq = 0x95fd
                0x000096f9                LeAttExchangeMtuRsp = 0x96f9
                0x00009835                LeAttExecuteWriteReq = 0x9835
                0x00009905                LeAttExecuteWriteRsp = 0x9905
                0x00009995                LeAttFindByTypeValReq = 0x9995
                0x00009add                LeAttFindByTypeValRsp = 0x9add
                0x00009bdd                LeAttFindInfoReq = 0x9bdd
                0x00009cd1                LeAttFindInfoRsp = 0x9cd1
                0x0000beb5                LeAttHandleValueConfirmation = 0xbeb5
                0x0000bf59                LeAttHandleValueIndication = 0xbf59
                0x0000c081                LeAttHandleValueNotification = 0xc081
                0x0000c4a5                LeAttInit = 0xc4a5
                0x0000c609                LeAttPatch = 0xc609
                0x0000c701                LeAttPrepareWriteReq = 0xc701
                0x0000c839                LeAttPrepareWriteRsp = 0xc839
                0x0000c901                LeAttReadBlobReq = 0xc901
                0x0000c9f1                LeAttReadBlobRsp = 0xc9f1
                0x0000cb09                LeAttReadByGroupTypeReq = 0xcb09
                0x0000cc59                LeAttReadByGroupTypeRsp = 0xcc59
                0x0000cd5d                LeAttReadByTypeReq = 0xcd5d
                0x0000cead                LeAttReadByTypeRsp = 0xcead
                0x0000cfb5                LeAttReadMultipleReq = 0xcfb5
                0x0000d0e9                LeAttReadMultipleRsp = 0xd0e9
                0x0000d1cd                LeAttReadReq = 0xd1cd
                0x0000d2b5                LeAttReadRsp = 0xd2b5
                0x0000d4c1                LeAttSendErrorRsp = 0xd4c1
                0x0000d60d                LeAttServerPatch = 0xd60d
                0x0000d685                LeAttSignedWriteCmd = 0xd685
                0x0000d86d                LeAttWriteCmd = 0xd86d
                0x0000d975                LeAttWriteReq = 0xd975
                0x0000da99                LeAttWriteRsp = 0xda99
                0x0000db41                LeCancelAllMessage = 0xdb41
                0x0000db9d                LeCancelAllSubMessage = 0xdb9d
                0x0000dbfd                LeCancelFirstMessage = 0xdbfd
                0x0000dc61                LeCancelFirstSubMessage = 0xdc61
                0x0000ddc9                LeCmCommonPatch = 0xddc9
                0x0000df1d                LeCmCommonVarGet = 0xdf1d
                0x0000dffd                LeCmConnPatch = 0xdffd
                0x0000f885                LeCmHandlerPatch = 0xf885
                0x0000fcf9                LeCmInit = 0xfcf9
                0x0000ff15                LeCmPatch = 0xff15
                0x00010009                LeCmRegisterSmpTask = 0x10009
                0x00011479                LeCmdAppCmdFuncAssign = 0x11479
                0x000114d5                LeCmdAppCmdPatch = 0x114d5
                0x00011745                LeCmdAppCmdVarGet = 0x11745
                0x000119a5                LeCmdAppDbPatch = 0x119a5
                0x00011aa1                LeCmdAppDbVarGet = 0x11aa1
                0x00011c0d                LeCmdAppFnAssign = 0x11c0d
                0x00011c99                LeCmdAppGattFuncAssign = 0x11c99
                0x00011cb5                LeCmdAppGattPatch = 0x11cb5
                0x00011e55                LeCmdAppGattVarGet = 0x11e55
                0x0001318d                LeCmdAppPatch = 0x1318d
                0x000132c9                LeCmdAppProcessAtCmd = 0x132c9
                0x00013331                LeCmdAppProcessSendData = 0x13331
                0x00013e11                LeCmdAppVarGet = 0x13e11
                0x00014035                LeCtrlIfPatch = 0x14035
                0x00014071                LeDebugConfigPatch = 0x14071
                0x000140c5                LeErrPatch = 0x140c5
                0x000140d5                LeGapAddToResolvingList = 0x140d5
                0x00014241                LeGapAddToWhiteList = 0x14241
                0x000142d1                LeGapAdvertisingEnable = 0x142d1
                0x0001440d                LeGapCentralConnectReq = 0x1440d
                0x0001476d                LeGapCentralSetDataChannel = 0x1476d
                0x00014a39                LeGapClearResolvingList = 0x14a39
                0x00014a9d                LeGapClearWhiteList = 0x14a9d
                0x00014b01                LeGapConnParaRequestRsp = 0x14b01
                0x00014b39                LeGapConnParamRequest = 0x14b39
                0x00014be5                LeGapConnUpdateRequest = 0x14be5
                0x00014c99                LeGapConnUpdateResponse = 0x14c99
                0x00014cb1                LeGapConnectCancelReq = 0x14cb1
                0x00014d15                LeGapDisconnectReq = 0x14d15
                0x00014d2d                LeGapGenRandAddr = 0x14d2d
                0x00014d45                LeGapGetBdAddr = 0x14d45
                0x00014d79                LeGapGetBtAddr = 0x14d79
                0x00014da9                LeGapIfPatch = 0x14da9
                0x00014f2d                LeGapReadAdvChannelTxPower = 0x14f2d
                0x00014f5d                LeGapReadChannelMap = 0x14f5d
                0x00014fad                LeGapReadPhy = 0x14fad
                0x00015001                LeGapReadResolvingListSize = 0x15001
                0x00015031                LeGapReadRssi = 0x15031
                0x00015081                LeGapReadTxPower = 0x15081
                0x000150e5                LeGapReadWhiteListSize = 0x150e5
                0x00015115                LeGapRemoveFromResolvingList = 0x15115
                0x000151c9                LeGapRemoveFromWhiteList = 0x151c9
                0x00015251                LeGapScanningReq = 0x15251
                0x00015341                LeGapSetAdvData = 0x15341
                0x0001536d                LeGapSetAdvParameter = 0x1536d
                0x000153f1                LeGapSetConnParameter = 0x153f1
                0x0001543d                LeGapSetDataChannelPduLen = 0x1543d
                0x000154b5                LeGapSetDefaultPhy = 0x154b5
                0x00015519                LeGapSetPhy = 0x15519
                0x000155b1                LeGapSetRandAddr = 0x155b1
                0x000156b1                LeGapSetRpaTimeout = 0x156b1
                0x000156f5                LeGapSetStaticAddr = 0x156f5
                0x00015731                LeGattAccessReadRsp = 0x15731
                0x0001598d                LeGattAccessWriteRsp = 0x1598d
                0x00015f1d                LeGattChangeAttrVal = 0x15f1d
                0x00016089                LeGattCharValConfirmation = 0x16089
                0x000160b5                LeGattCharValIndicate = 0x160b5
                0x0001611d                LeGattCharValNotify = 0x1611d
                0x00016c95                LeGattClientPatch = 0x16c95
                0x00016d1d                LeGattCommonPatch = 0x16d1d
                0x00016db1                LeGattCommonVarGet = 0x16db1
                0x00018231                LeGattExchangeMtuReq = 0x18231
                0x000182bd                LeGattExchangeMtuRsp = 0x182bd
                0x0001836d                LeGattExecuteWriteCharValReliable = 0x1836d
                0x000183b9                LeGattFindAllCharDescriptor = 0x183b9
                0x0001841d                LeGattFindAllCharacteristic = 0x1841d
                0x0001843d                LeGattFindAllPrimaryService = 0x1843d
                0x0001855d                LeGattFindCharacteristicByUuid = 0x1855d
                0x00018629                LeGattFindIncludedService = 0x18629
                0x00018695                LeGattFindPrimaryServiceByUuid = 0x18695
                0x0001876d                LeGattGetAttrHandle = 0x1876d
                0x00018795                LeGattGetAttrVal = 0x18795
                0x000187a5                LeGattGetAttrValLen = 0x187a5
                0x000187d1                LeGattGetAttrValMaxLen = 0x187d1
                0x0001a1dd                LeGattInit = 0x1a1dd
                0x0001a901                LeGattModifyAttrVal = 0x1a901
                0x0001a9dd                LeGattPatch = 0x1a9dd
                0x0001ab21                LeGattPrepareWriteCharValReliable = 0x1ab21
                0x0001b3bd                LeGattProcedurePatch = 0x1b3bd
                0x0001bcb1                LeGattReadCharValByUuid = 0x1bcb1
                0x0001bd45                LeGattReadCharValue = 0x1bd45
                0x0001bd91                LeGattReadLongCharVal = 0x1bd91
                0x0001be1d                LeGattReadMultipleCharVal = 0x1be1d
                0x0001be6d                LeGattRegisterIncludeService = 0x1be6d
                0x0001bf55                LeGattRegisterService = 0x1bf55
                0x0001bf61                LeGattRegisterServiceWithStartHdl = 0x1bf61
                0x0001c52d                LeGattServerPatch = 0x1c52d
                0x0001c7ad                LeGattSignedWriteNoRsp = 0x1c7ad
                0x0001c8a9                LeGattStartService = 0x1c8a9
                0x0001c8f5                LeGattStopCurrentProcedure = 0x1c8f5
                0x0001c91d                LeGattStopService = 0x1c91d
                0x0001cab5                LeGattWriteCharVal = 0x1cab5
                0x0001cac5                LeGattWriteCharValReliable = 0x1cac5
                0x0001cbd9                LeGattWriteLongCharVal = 0x1cbd9
                0x0001cc91                LeGattWriteNoRsp = 0x1cc91
                0x0001cccd                LeGetFreePeerDev = 0x1cccd
                0x0001cd1d                LeGetSubMsgId = 0x1cd1d
                0x0001d3dd                LeHciCmdHandler = 0x1d3dd
                0x0001d50d                LeHciCommandPatch = 0x1d50d
                0x0001d559                LeHciCommandVarGet = 0x1d559
                0x0001d575                LeHciCommonPatch = 0x1d575
                0x0001d631                LeHciCommonVarGet = 0x1d631
                0x0001d6bd                LeHciErrToHostErr = 0x1d6bd
                0x0001d819                LeHciEventsPatch = 0x1d819
                0x0001d8a9                LeHciEventsVarGet = 0x1d8a9
                0x0001eb2d                LeHciPatch = 0x1eb2d
                0x0001f08d                LeHciTransportPatch = 0x1f08d
                0x0001f0ad                LeHostAllPatchAssign = 0x1f0ad
                0x0001f469                LeHostCreateTask = 0x1f469
                0x0001f575                LeHostEnterPanic = 0x1f575
                0x0001f6a9                LeHostMessageLoop = 0x1f6a9
                0x0001f6f5                LeHostMsgDeliver = 0x1f6f5
                0x0001f7c9                LeHostMsgVarGet = 0x1f7c9
                0x0001f821                LeHostPatch = 0x1f821
                0x000246d5                LeHostRandCounter = 0x246d5
                0x000246e1                LeHostRandCounter_Impl = 0x246e1
                0x000246fd                LeHostRegisterCtrlDataHandler = 0x246fd
                0x00024715                LeHostRegisterLoopCallBack = 0x24715
                0x00026549                LeHostTestCmdPatch = 0x26549
                0x000268c5                LeHostTestCmdVarGet = 0x268c5
                0x00026955                LeHostWakeUp = 0x26955
                0x00026f19                LeL2capCommonPatch = 0x26f19
                0x00027535                LeL2capPatch = 0x27535
                0x000278fd                LeL2capSigVarGet = 0x278fd
                0x00027b8d                LeL2capSignalPatch = 0x27b8d
                0x00028029                LeL2capVarGet = 0x28029
                0x00028e21                LeMtcAppCmdPatch = 0x28e21
                0x00028f29                LeMtcAppCmdVarGet = 0x28f29
                0x00029011                LeMtcAppDbPatch = 0x29011
                0x0002905d                LeMtcAppDbVarGet = 0x2905d
                0x00029231                LeMtcAppGattPatch = 0x29231
                0x00029479                LeMtcAppGattVarGet = 0x29479
                0x00029919                LeMtcAppPatch = 0x29919
                0x00029ffd                LeMtcAppVarGet = 0x29ffd
                0x0002a0f5                LeNvmStorePatch = 0x2a0f5
                0x0002a29d                LeNvmStoreVarGet = 0x2a29d
                0x0002a3f1                LePeerDevExist = 0x2a3f1
                0x0002b565                LePtsAppCmdPatch = 0x2b565
                0x0002b839                LePtsAppCmdVarGet = 0x2b839
                0x0002baed                LePtsAppDbPatch = 0x2baed
                0x0002bb61                LePtsAppDbVarGet = 0x2bb61
                0x0002bee9                LePtsAppGattPatch = 0x2bee9
                0x0002c409                LePtsAppGattVarGet = 0x2c409
                0x0002da09                LePtsAppPatch = 0x2da09
                0x0002daa1                LePtsAppProcessCliCmd_Impl = 0x2daa1
                0x0002e589                LePtsAppVarGet = 0x2e589
                0x0002e609                LeQueueBroken = 0x2e609
                0x0002e615                LeQueueBroken_Impl = 0x2e615
                0x0002e62d                LeQueueCount = 0x2e62d
                0x0002e639                LeQueueCount_Impl = 0x2e639
                0x0002e63d                LeQueueDelete = 0x2e63d
                0x0002e649                LeQueueDelete_Impl = 0x2e649
                0x0002e6d1                LeQueueMove = 0x2e6d1
                0x0002e6dd                LeQueueMove_Impl = 0x2e6dd
                0x0002e705                LeQueuePatch = 0x2e705
                0x0002e75d                LeQueuePeek = 0x2e75d
                0x0002e769                LeQueuePeekAny = 0x2e769
                0x0002e775                LeQueuePeekAny_Impl = 0x2e775
                0x0002e781                LeQueuePeek_Impl = 0x2e781
                0x0002e791                LeQueuePop = 0x2e791
                0x0002e79d                LeQueuePop_Impl = 0x2e79d
                0x0002e7ad                LeQueuePush = 0x2e7ad
                0x0002e7b9                LeQueuePushHead = 0x2e7b9
                0x0002e7c5                LeQueuePushHead_Impl = 0x2e7c5
                0x0002e805                LeQueuePush_Impl = 0x2e805
                0x0002e8b5                LeRtosTaskCreat = 0x2e8b5
                0x0002e94d                LeRtosTaskPatch = 0x2e94d
                0x0002ebb1                LeSendMessage = 0x2ebb1
                0x0002ebbd                LeSendMessageAfter = 0x2ebbd
                0x0002ebf5                LeSendMessageUnlock = 0x2ebf5
                0x0002ec51                LeSendSubMessage = 0x2ec51
                0x0002ec61                LeSendSubMessageAfter = 0x2ec61
                0x0002eca1                LeSendSubMessageUnlock = 0x2eca1
                0x0002ed05                LeSetScanParameter = 0x2ed05
                0x0002edc9                LeSetScanRspData = 0x2edc9
                0x0002f9b1                LeSmpCommonPatch = 0x2f9b1
                0x00030529                LeSmpGetBondIdFromAddr = 0x30529
                0x00031c05                LeSmpHandlerPatch = 0x31c05
                0x00031e51                LeSmpInit = 0x31e51
                0x00032a29                LeSmpLegacyPatch = 0x32a29
                0x00032dad                LeSmpMasterPairingReq = 0x32dad
                0x00032db9                LeSmpMsgHandlerPatch = 0x32db9
                0x00032f2d                LeSmpNvmStoreInit_Impl = 0x32f2d
                0x00033019                LeSmpOobAuthDataRsp = 0x33019
                0x0003307d                LeSmpOobPresent = 0x3307d
                0x00033629                LeSmpPasskeyInput = 0x33629
                0x0003365d                LeSmpPatch = 0x3365d
                0x00033919                LeSmpRemoveBond = 0x33919
                0x00033a11                LeSmpResolveRpa = 0x33a11
                0x000341b9                LeSmpScOobComputeConfirmVal = 0x341b9
                0x00034259                LeSmpScOobDataRsp = 0x34259
                0x00034571                LeSmpSecureConnPatch = 0x34571
                0x00034625                LeSmpSecureConnVarGet = 0x34625
                0x00034649                LeSmpSecurityReq = 0x34649
                0x00034735                LeSmpSecurityRsp = 0x34735
                0x00034b81                LeSmpSetDefaultConfig = 0x34b81
                0x00034d6d                LeSmpStorePatch = 0x34d6d
                0x00034e0d                LeSmpStoreVarGet = 0x34e0d
                0x000350e5                LeSmpUserConfirmRsp = 0x350e5
                0x000353b1                LeSmpUtilEncrypt_Impl = 0x353b1
                0x00035dd1                LeSmpUtilPatch = 0x35dd1
                0x0003612d                LeSmpUtilVarGet = 0x3612d
                0x00036289                LeUtilPatch = 0x36289
                0x00036335                LeUtilVarGet = 0x36335
                0x000363d9                MD5Final = 0x363d9
                0x00036441                MD5Init = 0x36441
                0x00036b71                MD5Update = 0x36b71
                0x00036bf1                MSQ_IRQHandler = 0x36bf1
                0x00036bfd                MSQ_IRQHandler_Entry_impl = 0x36bfd
                0x00036c11                Main_AppRun_impl = 0x36c11
                0x00036c65                Main_Fun_Init = 0x36c65
                0x00036c75                Malloc = 0x36c75
                0x00036c8d                MemCmp = 0x36c8d
                0x00036cb9                MemCopy = 0x36cb9
                0x00036d3d                MemSet = 0x36d3d
                0x00036d9d                MwFim_Dummy = 0x36d9d
                0x00036da1                MwFim_EmptyBlockFind_impl = 0x36da1
                0x00036dcd                MwFim_FileDataDefaultFill_impl = 0x36dcd
                0x00036e65                MwFim_FileDelete_impl = 0x36e65
                0x00036edd                MwFim_FileHeaderVerify_impl = 0x36edd
                0x00036f45                MwFim_FileRead_impl = 0x36f45
                0x00036fc9                MwFim_FileTableSearch_impl = 0x36fc9
                0x00037029                MwFim_FileWriteDefault_impl = 0x37029
                0x0003708d                MwFim_FileWriteDo_impl = 0x3708d
                0x00037175                MwFim_FileWrite_impl = 0x37175
                0x000371cd                MwFim_FreeOffsetVerify_impl = 0x371cd
                0x00037239                MwFim_GroupBlockParser_impl = 0x37239
                0x00037365                MwFim_GroupCheckSumVerify_impl = 0x37365
                0x00037385                MwFim_GroupHeaderCheck_impl = 0x37385
                0x00037471                MwFim_GroupHeaderVerify_impl = 0x37471
                0x000374b1                MwFim_GroupInfoUpdate_impl = 0x374b1
                0x000374d9                MwFim_GroupSizeCheck_impl = 0x374d9
                0x00037619                MwFim_GroupStatusFill_impl = 0x37619
                0x00037659                MwFim_GroupStatusRemap_impl = 0x37659
                0x0003770d                MwFim_GroupSwap_impl = 0x3770d
                0x00037919                MwFim_GroupVersionUpdate_impl = 0x37919
                0x00037939                MwFim_Init_impl = 0x37939
                0x00037a2d                MwFim_PreInitCold = 0x37a2d
                0x00037b09                MwFim_ZoneInfoUpdate_impl = 0x37b09
                0x00037b2d                MwOta_BootAddrGet_impl = 0x37b2d
                0x00037c39                MwOta_Boot_CheckUartBehavior_impl = 0x37c39
                0x00037ce9                MwOta_Boot_HeaderPaser_impl = 0x37ce9
                0x00037d4d                MwOta_Boot_Init_impl = 0x37d4d
                0x00037da1                MwOta_Boot_LoadPatchImage_impl = 0x37da1
                0x00037dc9                MwOta_Boot_PreInitCold = 0x37dc9
                0x00037e11                MwOta_Boot_WritePatchImage_impl = 0x37e11
                0x00037f79                MwOta_CurrentIdxFake_impl = 0x37f79
                0x00037f99                MwOta_DataFinish_impl = 0x37f99
                0x00038031                MwOta_DataGiveUp_impl = 0x38031
                0x00038055                MwOta_DataIn_impl = 0x38055
                0x000380e1                MwOta_HeaderSeqNumGet_impl = 0x380e1
                0x00038111                MwOta_ImageCheckSumAlloc_impl = 0x38111
                0x00038179                MwOta_ImageCheckSumCompute_impl = 0x38179
                0x00038215                MwOta_ImageCheckSumLocal_impl = 0x38215
                0x00038229                MwOta_Init_impl = 0x38229
                0x00038429                MwOta_PreInitCold = 0x38429
                0x00038495                MwOta_Prepare_impl = 0x38495
                0x000385c1                MwOta_VersionGet_impl = 0x385c1
                0x000385e9                OctetsToBuf = 0x385e9
                0x0003860d                OctetsToDec16 = 0x3860d
                0x00038625                Ow_TableList = 0x38625
                0x00038665                Panic = 0x38665
                0x00038671                PanicUnlessMalloc = 0x38671
                0x00038711                ParseAtVersionCommand_impl = 0x38711
                0x000387ad                ParseDownloadCommand_impl = 0x387ad
                0x000387fd                ParseIpcCommand_impl = 0x387fd
                0x0003884d                ParseLWIPCommand_impl = 0x3884d
                0x000388c1                ParseLeCfgCommand_impl = 0x388c1
                0x00038c69                ParseLePtsTestCommand_Impl = 0x38c69
                0x00038d05                ParseLeTestCommand_impl = 0x38d05
                0x00038d55                ParsePINGCommand_impl = 0x38d55
                0x00038dcd                ParseParam_impl = 0x38dcd
                0x00038df9                ParsePmpCommand_impl = 0x38df9
                0x00038ea9                ParseRegCtrlCommand_impl = 0x38ea9
                0x00039019                ParseSYSCommand_impl = 0x39019
                0x0003901d                ParseSYSParam = 0x3901d
                0x00039021                ParseSimpleAtCommand_impl = 0x39021
                0x00039069                ParseSwitchAT_DBGCommand_impl = 0x39069
                0x000390ed                ParseTCPCommand = 0x390ed
                0x000390f1                ParseUnknownCommand_impl = 0x390f1
                0x00039115                ParseWIFICommand_impl = 0x39115
                0x00039169                ParseWPACommand_impl = 0x39169
                0x0003916d                ParseWPAParam = 0x3916d
                0x00039179                Phy_DataDump = 0x39179
                0x000391f5                Rf_ScaDump = 0x391f5
                0x00039271                SCRT_IRQHandler = 0x39271
                0x0003927d                SCRT_IRQHandler_Entry_impl = 0x3927d
                0x00039291                SHA1Final = 0x39291
                0x00039339                SHA1Init = 0x39339
                0x00039365                SHA1Transform = 0x39365
                0x0003a489                SHA1Update = 0x3a489
                0x0003a4fd                SPI0_IRQHandler = 0x3a4fd
                0x0003a509                SPI0_IRQHandler_Entry_impl = 0x3a509
                0x0003a51d                SPI1_IRQHandler = 0x3a51d
                0x0003a529                SPI1_IRQHandler_Entry_impl = 0x3a529
                0x0003a53d                SPI2_IRQHandler = 0x3a53d
                0x0003a549                SPI2_IRQHandler_Entry_impl = 0x3a549
                0x0003a7b5                StrLen = 0x3a7b5
                0x0003a7d5                SwapBuf = 0x3a7d5
                0x0003a7fd                SwapInPlace = 0x3a7fd
                0x0003a825                SysTick_Handler = 0x3a825
                0x0003a851                Sys_AppInit_impl = 0x3a851
                0x0003a865                Sys_ClockSetup_impl = 0x3a865
                0x0003a881                Sys_DriverInit_impl = 0x3a881
                0x0003aa19                Sys_IdleHook_impl = 0x3aa19
                0x0003aa41                Sys_MiscDriverConfigSetup_impl = 0x3aa41
                0x0003aa53                Sys_MiscModulesInit_impl = 0x3aa53
                0x0003aa65                Sys_PostInit_impl = 0x3aa65
                0x0003aa81                Sys_PowerSetup_impl = 0x3aa81
                0x0003aa8d                Sys_PreInit = 0x3aa8d
                0x0003ab05                Sys_RomVersion_impl = 0x3ab05
                0x0003ab4d                Sys_ServiceInit_impl = 0x3ab4d
                0x0003ac0d                Sys_StackOverflowHook_impl = 0x3ac0d
                0x0003ac39                Sys_UartInit_impl = 0x3ac39
                0x0003ac9d                Sys_WaitForMsqFlashAccessDone_impl = 0x3ac9d
                0x0003acc9                Sys_WaitforMsqReady_impl = 0x3acc9
                0x0003acf5                SystemCoreClockDivFactorSet = 0x3acf5
                0x0003ad01                SystemCoreClockGet = 0x3ad01
                0x0003ad11                SystemCoreClockSet = 0x3ad11
                0x0003ad1d                SystemCoreClockUpdate = 0x3ad1d
                0x0003ad21                SystemInit = 0x3ad21
                0x0003ad35                TIM0_IRQHandler = 0x3ad35
                0x0003ad41                TIM0_IRQHandler_Entry_impl = 0x3ad41
                0x0003ad71                TIM1_IRQHandler = 0x3ad71
                0x0003ad7d                TIM1_IRQHandler_Entry_impl = 0x3ad7d
                0x0003adcd                Tracer_PreInit = 0x3adcd
                0x0003aed5                UART0_IRQHandler = 0x3aed5
                0x0003aee1                UART0_IRQHandler_Entry_impl = 0x3aee1
                0x0003af29                UART1_IRQHandler = 0x3af29
                0x0003af35                UART1_IRQHandler_Entry_impl = 0x3af35
                0x0003af81                UARTDBG_IRQHandler = 0x3af81
                0x0003af8d                UARTDBG_IRQHandler_Entry_impl = 0x3af8d
                0x0003afdd                Util_FuncPreInit = 0x3afdd
                0x0003afed                WDT_IRQHandler = 0x3afed
                0x0003aff9                WDT_IRQHandler_Entry_impl = 0x3aff9
                0x0003b161                WifiMac_FuncInit = 0x3b161
                0x0003b19d                _Hal_DbgUart_FunPoiterInit = 0x3b19d
                0x0003b211                _Hal_Flash_FunPoiterInit = 0x3b211
                0x0003b2d9                _Hal_Flash_ManufDeviceId_impl = 0x3b2d9
                0x0003b355                _Hal_Flash_QuadModeEn_impl = 0x3b355
                0x0003b3f9                _Hal_Flash_StatusGet_impl = 0x3b3f9
                0x0003b489                _Hal_Flash_WriteDoneCheck_impl = 0x3b489
                0x0003b4fd                _Hal_Flash_WriteEn_impl = 0x3b4fd
                0x0003b52d                _Hal_I2c_Eanble_impl = 0x3b52d
                0x0003b579                _Hal_I2c_WaitForMasterCompleted_impl = 0x3b579
                0x0003b59d                _Hal_Sys_ApsSystemCoreClockUpdate_impl = 0x3b59d
                0x0003b5a1                _Hal_Sys_MsqSystemCoreClockUpdate_impl = 0x3b5a1
                0x0003b5b3                _Hal_Sys_PhySystemCoreClockUpdate_impl = 0x3b5b3
                0x0003b5e5                __0printf = 0x3b5e5
                0x0003b5e5                __1printf = 0x3b5e5
                0x0003b5e5                __2printf = 0x3b5e5
                0x0003b5e5                __c89printf = 0x3b5e5
                0x0003b5e5                printf = 0x3b5e5
                0x0003b605                __0snprintf = 0x3b605
                0x0003b605                __1snprintf = 0x3b605
                0x0003b605                __2snprintf = 0x3b605
                0x0003b605                __c89snprintf = 0x3b605
                0x0003b605                snprintf = 0x3b605
                0x0003b62d                __0sprintf = 0x3b62d
                0x0003b62d                __1sprintf = 0x3b62d
                0x0003b62d                __2sprintf = 0x3b62d
                0x0003b62d                __c89sprintf = 0x3b62d
                0x0003b62d                sprintf = 0x3b62d
                0x0003b655                __0vprintf = 0x3b655
                0x0003b655                __1vprintf = 0x3b655
                0x0003b655                __2vprintf = 0x3b655
                0x0003b655                __c89vprintf = 0x3b655
                0x0003b655                vprintf = 0x3b655
                0x0003b665                __0vsnprintf = 0x3b665
                0x0003b665                __1vsnprintf = 0x3b665
                0x0003b665                __2vsnprintf = 0x3b665
                0x0003b665                __c89vsnprintf = 0x3b665
                0x0003b665                vsnprintf = 0x3b665
                0x0003b689                __0vsprintf = 0x3b689
                0x0003b689                __1vsprintf = 0x3b689
                0x0003b689                __2vsprintf = 0x3b689
                0x0003b689                __c89vsprintf = 0x3b689
                0x0003b689                vsprintf = 0x3b689
                0x0003b7a9                __aeabi_errno_addr = 0x3b7a9
                0x0003b7a9                __rt_errno_addr = 0x3b7a9
                0x0003b7b1                __free$realloc = 0x3b7b1
                0x0003b80d                __malloc$realloc = 0x3b80d
                0x0003b85d                __packet_rx_task = 0x3b85d
                0x0003b889                __packet_tx_task = 0x3b889
                0x0003b8a5                __scatterload_copy = 0x3b8a5
                0x0003b8b3                __scatterload_null = 0x3b8b3
                0x0003b8b5                __scatterload_zeroinit = 0x3b8b5
                0x0003b8c3                _at_cmd_sys_sample = 0x3b8c3
                0x0003b8c7                _at_cmd_wifi_sample = 0x3b8c7
                0x0003b8e1                _compare = 0x3b8e1
                0x0003b8fb                _copy = 0x3b8fb
                0x0003b915                _double_byte = 0x3b915
                0x0003c1bb                _set = 0x3c1bb
                0x0003c295                _wpa_alloc_eapol = 0x3c295
                0x0003c2ed                _wpa_hexdump_ascii_impl = 0x3c2ed
                0x0003c47d                _wpa_hexdump_impl = 0x3c47d
                0x0003c555                _wpa_snprintf_hex_impl = 0x3c555
                0x0003c5b9                _wpa_supplicant_cancel_auth_timeout_impl = 0x3c5b9
                0x0003c5c5                _wpa_supplicant_deauthenticate_impl = 0x3c5c5
                0x0003c5e9                _wpa_supplicant_disassociate_impl = 0x3c5e9
                0x0003c60d                _wpa_supplicant_get_state_impl = 0x3c60d
                0x0003c619                _wpa_supplicant_set_state_impl = 0x3c619
                0x0003c625                accept_function = 0x3c625
                0x0003c7e1                add_auto_connect_list_impl = 0x3c7e1
                0x0003cb85                aes_128_encrypt_block = 0x3cb85
                0x0003cbad                aes_ccm_sample = 0x3cbad
                0x0003cddf                aes_decrypt = 0x3cddf
                0x0003cde3                aes_decrypt_deinit = 0x3cde3
                0x0003cdf9                aes_decrypt_init = 0x3cdf9
                0x0003ce19                aes_ecb_sample = 0x3ce19
                0x0003cf61                aes_encrypt = 0x3cf61
                0x0003cf65                aes_encrypt_deinit = 0x3cf65
                0x0003cf7b                aes_encrypt_init = 0x3cf7b
                0x0003cf9b                aes_encrypt_setup_key = 0x3cf9b
                0x0003cfad                aes_unwrap = 0x3cfad
                0x0003d065                aes_wrap = 0x3d065
                0x0003d105                agent_init_impl = 0x3d105
                0x0003d215                agent_msg_free_impl = 0x3d215
                0x0003d231                agent_msg_send_impl = 0x3d231
                0x0003d335                agent_pre_init = 0x3d335
                0x0003d369                agent_task_main_impl = 0x3d369
                0x0003d4b1                alloc_socket = 0x3d4b1
                0x0003d525                assert_loop = 0x3d525
                0x0003d531                assert_loop_impl = 0x3d531
                0x0003d53d                assert_printf = 0x3d53d
                0x0003d549                assert_printf_impl = 0x3d549
                0x0003d5a1                at_blewifi_auto_trans_init_impl = 0x3d5a1
                0x0003d62d                at_blewifi_init = 0x3d62d
                0x0003d639                at_blewifi_init_impl = 0x3d639
                0x0003d63f                at_build_fd_sets_impl = 0x3d63f
                0x0003d689                at_clear_uart_buffer_impl = 0x3d689
                0x0003d695                at_close_client_impl = 0x3d695
                0x0003d6bd                at_cmd_UtilGetAddrFromStr = 0x3d6bd
                0x0003d791                at_cmd_app_func_preinit = 0x3d791
                0x0003d7f5                at_cmd_at_slp_tmr = 0x3d7f5
                0x0003d879                at_cmd_at_switch_to_dbg = 0x3d879
                0x0003d8fd                at_cmd_ble_mode = 0x3d8fd
                0x0003d969                at_cmd_buf_to_argc_argv = 0x3d969
                0x0003d9c9                at_cmd_common_func_init = 0x3d9c9
                0x0003da91                at_cmd_ext_tbl_reg_impl = 0x3da91
                0x0003dab9                at_cmd_func_init = 0x3dab9
                0x0003db05                at_cmd_get_para_as_digital_impl = 0x3db05
                0x0003dba3                at_cmd_get_param_as_str_impl = 0x3dba3
                0x0003dc19                at_cmd_handler_impl = 0x3dc19
                0x0003dc25                at_cmd_info_parsing = 0x3dc25
                0x0003dd6d                at_cmd_is_tcpip_ready_impl = 0x3dd6d
                0x0003dd8d                at_cmd_is_valid_ip_impl = 0x3dd8d
                0x0003ddfd                at_cmd_le_dbg_adv = 0x3ddfd
                0x0003deb9                at_cmd_le_dbg_dtm = 0x3deb9
                0x0003df75                at_cmd_letest = 0x3df75
                0x0003dff1                at_cmd_mac_data_rate = 0x3dff1
                0x0003e089                at_cmd_mp_ble_addr = 0x3e089
                0x0003e165                at_cmd_nvm_cw_ble_wifi_mode_get_impl = 0x3e165
                0x0003e195                at_cmd_nvm_cw_ble_wifi_mode_set_impl = 0x3e195
                0x0003e1c1                at_cmd_nvm_func_init = 0x3e1c1
                0x0003e1e9                at_cmd_nvm_trans_config_get_impl = 0x3e1e9
                0x0003e21d                at_cmd_nvm_trans_config_set_impl = 0x3e21d
                0x0003e249                at_cmd_other_common_buf_show = 0x3e249
                0x0003e24d                at_cmd_other_ir_rx_down = 0x3e24d
                0x0003e251                at_cmd_other_ir_rx_init = 0x3e251
                0x0003e255                at_cmd_other_ir_tx = 0x3e255
                0x0003e259                at_cmd_other_ir_tx_down = 0x3e259
                0x0003e25d                at_cmd_other_ir_tx_init = 0x3e25d
                0x0003e261                at_cmd_other_secondary_uart_start = 0x3e261
                0x0003e265                at_cmd_other_secondary_uart_stop = 0x3e265
                0x0003e269                at_cmd_other_secondary_uart_write = 0x3e269
                0x0003e26d                at_cmd_other_temperature_off = 0x3e26d
                0x0003e271                at_cmd_other_temperature_on = 0x3e271
                0x0003e275                at_cmd_others_func_init = 0x3e275
                0x0003e285                at_cmd_param_trim = 0x3e285
                0x0003e309                at_cmd_parse_impl = 0x3e309
                0x0003e325                at_cmd_ping_callback_impl = 0x3e325
                0x0003e341                at_cmd_pip_fun1 = 0x3e341
                0x0003e345                at_cmd_pip_func_init = 0x3e345
                0x0003e355                at_cmd_pip_rsv = 0x3e355
                0x0003e359                at_cmd_pip_spi_master_buf_show = 0x3e359
                0x0003e35d                at_cmd_pip_spi_master_get_data = 0x3e35d
                0x0003e361                at_cmd_pip_spi_master_init = 0x3e361
                0x0003e365                at_cmd_pip_spi_master_stop = 0x3e365
                0x0003e369                at_cmd_pip_spi_slave_buf_show = 0x3e369
                0x0003e36d                at_cmd_pip_spi_slave_buf_status = 0x3e36d
                0x0003e371                at_cmd_pip_spi_slave_init = 0x3e371
                0x0003e375                at_cmd_pip_spi_slave_stop = 0x3e375
                0x0003e379                at_cmd_pip_uart_cts_rts_disable = 0x3e379
                0x0003e37d                at_cmd_pip_uart_cts_rts_enable = 0x3e37d
                0x0003e381                at_cmd_pip_uart_start = 0x3e381
                0x0003e385                at_cmd_pip_uart_stop = 0x3e385
                0x0003e389                at_cmd_pip_uart_write = 0x3e389
                0x0003e38d                at_cmd_property_func_init = 0x3e38d
                0x0003e39d                at_cmd_rf_add_ow = 0x3e39d
                0x0003e455                at_cmd_rf_cal_vco = 0x3e455
                0x0003e511                at_cmd_rf_channel = 0x3e511
                0x0003e5cd                at_cmd_rf_counters = 0x3e5cd
                0x0003e629                at_cmd_rf_del_ow = 0x3e629
                0x0003e6e1                at_cmd_rf_func_init = 0x3e6e1
                0x0003e6f1                at_cmd_rf_go = 0x3e6f1
                0x0003e7a9                at_cmd_rf_mode = 0x3e7a9
                0x0003e869                at_cmd_rf_reload_ow = 0x3e869
                0x0003e921                at_cmd_rf_resetcnts = 0x3e921
                0x0003e97d                at_cmd_rf_rx = 0x3e97d
                0x0003ea39                at_cmd_rf_set_sca = 0x3ea39
                0x0003eaf5                at_cmd_rf_show_ow = 0x3eaf5
                0x0003ebad                at_cmd_rf_show_sca = 0x3ebad
                0x0003ec69                at_cmd_rf_store_ow = 0x3ec69
                0x0003ed21                at_cmd_rf_test_mode = 0x3ed21
                0x0003eddd                at_cmd_rf_tx = 0x3eddd
                0x0003ee99                at_cmd_switch_uart1_dbguart_impl = 0x3ee99
                0x0003ef2d                at_cmd_sys_auto_recording_off = 0x3ef2d
                0x0003ef31                at_cmd_sys_auto_recording_on = 0x3ef31
                0x0003ef35                at_cmd_sys_dbg_uart_ctrl = 0x3ef35
                0x0003ef85                at_cmd_sys_download = 0x3ef85
                0x0003efe1                at_cmd_sys_end = 0x3efe1
                0x0003efe5                at_cmd_sys_erase_flash = 0x3efe5
                0x0003f0a5                at_cmd_sys_func_init = 0x3f0a5
                0x0003f0c5                at_cmd_sys_fwver = 0x3f0c5
                0x0003f0c9                at_cmd_sys_gmr = 0x3f0c9
                0x0003f169                at_cmd_sys_gslp = 0x3f169
                0x0003f201                at_cmd_sys_gslp_io_callback = 0x3f201
                0x0003f249                at_cmd_sys_gslp_wakeup_callback = 0x3f249
                0x0003f281                at_cmd_sys_internal_uart_config_output = 0x3f281
                0x0003f36d                at_cmd_sys_internal_uart_config_parse = 0x3f36d
                0x0003f435                at_cmd_sys_internal_wait = 0x3f435
                0x0003f46d                at_cmd_sys_mac_addr_def = 0x3f46d
                0x0003f541                at_cmd_sys_mcupwrsave = 0x3f541
                0x0003f545                at_cmd_sys_mcustandby = 0x3f545
                0x0003f549                at_cmd_sys_mode = 0x3f549
                0x0003f5f9                at_cmd_sys_mp_rst = 0x3f5f9
                0x0003f5fd                at_cmd_sys_ota_svr_start = 0x3f5fd
                0x0003f601                at_cmd_sys_ota_svr_stop = 0x3f601
                0x0003f605                at_cmd_sys_phy_dump = 0x3f605
                0x0003f6bd                at_cmd_sys_ram = 0x3f6bd
                0x0003f6f9                at_cmd_sys_read_flash = 0x3f6f9
                0x0003f821                at_cmd_sys_reg = 0x3f821
                0x0003f899                at_cmd_sys_restore = 0x3f899
                0x0003f96d                at_cmd_sys_rf_hp = 0x3f96d
                0x0003fa01                at_cmd_sys_rst = 0x3fa01
                0x0003fa35                at_cmd_sys_rsv = 0x3fa35
                0x0003fa39                at_cmd_sys_sleep = 0x3fa39
                0x0003fb45                at_cmd_sys_start = 0x3fb45
                0x0003fb49                at_cmd_sys_uart = 0x3fb49
                0x0003fb4d                at_cmd_sys_uartcur = 0x3fb4d
                0x0003fba9                at_cmd_sys_uartdef = 0x3fba9
                0x0003fc1d                at_cmd_sys_write_flash = 0x3fc1d
                0x0003fd71                at_cmd_tcp_dhcp_arp_check = 0x3fd71
                0x0003fe09                at_cmd_tcpip_api_preinit = 0x3fe09
                0x0003ffb9                at_cmd_tcpip_cifsr = 0x3ffb9
                0x000400a9                at_cmd_tcpip_cipap = 0x400a9
                0x000400b5                at_cmd_tcpip_cipclose = 0x400b5
                0x000401b9                at_cmd_tcpip_cipdinfo = 0x401b9
                0x0004029d                at_cmd_tcpip_cipdomain = 0x4029d
                0x000403f5                at_cmd_tcpip_cipmode = 0x403f5
                0x000404d9                at_cmd_tcpip_cipmux = 0x404d9
                0x00040625                at_cmd_tcpip_cipsend = 0x40625
                0x0004074d                at_cmd_tcpip_cipsendex = 0x4074d
                0x00040775                at_cmd_tcpip_cipserver = 0x40775
                0x000408bd                at_cmd_tcpip_cipsntpcfg = 0x408bd
                0x000408c1                at_cmd_tcpip_cipsntptime = 0x408c1
                0x000408c5                at_cmd_tcpip_cipsta = 0x408c5
                0x000408d1                at_cmd_tcpip_cipstamac = 0x408d1
                0x00040b85                at_cmd_tcpip_cipstart = 0x40b85
                0x00040f99                at_cmd_tcpip_cipstatus = 0x40f99
                0x000410e5                at_cmd_tcpip_cipsto = 0x410e5
                0x0004125d                at_cmd_tcpip_ciupdate = 0x4125d
                0x00041261                at_cmd_tcpip_end = 0x41261
                0x00041265                at_cmd_tcpip_func_init = 0x41265
                0x00041281                at_cmd_tcpip_ping = 0x41281
                0x000413c5                at_cmd_tcpip_rsv = 0x413c5
                0x000413c9                at_cmd_tcpip_savetranslink = 0x413c9
                0x0004162d                at_cmd_tcpip_start = 0x4162d
                0x00041631                at_cmd_tftp_client_buf_show = 0x41631
                0x0004163d                at_cmd_tftp_client_get = 0x4163d
                0x00041649                at_cmd_tftp_client_put = 0x41649
                0x00041655                at_cmd_trans_lock_impl = 0x41655
                0x000416d9                at_cmd_wifi_ap_wps_reg_stop = 0x416d9
                0x000416e5                at_cmd_wifi_cwautoconn = 0x416e5
                0x000417c9                at_cmd_wifi_cwdhcp = 0x417c9
                0x000417d5                at_cmd_wifi_cwdhcps = 0x417d5
                0x000417e1                at_cmd_wifi_cwfastconn = 0x417e1
                0x0004192d                at_cmd_wifi_cwhostname = 0x4192d
                0x000419fd                at_cmd_wifi_cwjap = 0x419fd
                0x00041b8d                at_cmd_wifi_cwlap = 0x41b8d
                0x00041c35                at_cmd_wifi_cwlapopt = 0x41c35
                0x00041d19                at_cmd_wifi_cwlif = 0x41d19
                0x00041d25                at_cmd_wifi_cwmode = 0x41d25
                0x00041e0d                at_cmd_wifi_cwqap = 0x41e0d
                0x00041e45                at_cmd_wifi_cwrec = 0x41e45
                0x00041e7d                at_cmd_wifi_cwsap = 0x41e7d
                0x00041e89                at_cmd_wifi_cwscan = 0x41e89
                0x00041ec1                at_cmd_wifi_cwssta = 0x41ec1
                0x00041ecd                at_cmd_wifi_cwstartsmart = 0x41ecd
                0x00041ed9                at_cmd_wifi_cwstopsmart = 0x41ed9
                0x00041ee5                at_cmd_wifi_easy_setup_start = 0x41ee5
                0x00041ef1                at_cmd_wifi_easy_setup_stop = 0x41ef1
                0x00041efd                at_cmd_wifi_end = 0x41efd
                0x00041f09                at_cmd_wifi_func_init = 0x41f09
                0x00041f25                at_cmd_wifi_getrssi = 0x41f25
                0x00041f3d                at_cmd_wifi_hook = 0x41f3d
                0x00041f49                at_cmd_wifi_hook_impl = 0x41f49
                0x00041f71                at_cmd_wifi_joinap = 0x41f71
                0x00041f75                at_cmd_wifi_joinap_wps = 0x41f75
                0x00041f81                at_cmd_wifi_leaveap = 0x41f81
                0x00041fb9                at_cmd_wifi_mac_cfg = 0x41fb9
                0x00042095                at_cmd_wifi_p2p_go_start = 0x42095
                0x000420a1                at_cmd_wifi_p2p_go_stop = 0x420a1
                0x000420ad                at_cmd_wifi_p2p_scan = 0x420ad
                0x000420b9                at_cmd_wifi_p2p_wps_reg_start = 0x420b9
                0x000420c5                at_cmd_wifi_p2p_wps_reg_stop = 0x420c5
                0x000420d1                at_cmd_wifi_rsv = 0x420d1
                0x000420dd                at_cmd_wifi_sntpstart = 0x420dd
                0x000420e9                at_cmd_wifi_sntpstop = 0x420e9
                0x000420f5                at_cmd_wifi_start = 0x420f5
                0x00042101                at_cmd_wifi_startap = 0x42101
                0x0004210d                at_cmd_wifi_stopap = 0x4210d
                0x00042119                at_cmd_wifi_wifi_p2p_connect = 0x42119
                0x00042125                at_cmd_wifi_wifi_p2p_disconnect = 0x42125
                0x00042131                at_cmd_wifi_wifidown = 0x42131
                0x0004213d                at_cmd_wifi_wifigettxpwr = 0x4213d
                0x00042149                at_cmd_wifi_wifiinit = 0x42149
                0x00042155                at_cmd_wifi_wifipwrsave = 0x42155
                0x00042161                at_cmd_wifi_wifiscan = 0x42161
                0x00042199                at_cmd_wifi_wifisettxpwr = 0x42199
                0x000421a5                at_cmd_wifi_wifistatus = 0x421a5
                0x000421b1                at_cmd_wifi_wifiver = 0x421b1
                0x000421bd                at_cmd_wifi_wps = 0x421bd
                0x000421c9                at_cmd_wifiscan_wps = 0x421c9
                0x000421d5                at_compare_rssi = 0x421d5
                0x000421e9                at_create_tcp_client_impl = 0x421e9
                0x000423e1                at_create_tcp_client_trans_impl = 0x423e1
                0x000425c5                at_create_tcp_server_impl = 0x425c5
                0x00042725                at_create_tcpip_data_task_impl = 0x42725
                0x00042731                at_create_tcpip_tx_task_impl = 0x42731
                0x00042871                at_create_udp_client_impl = 0x42871
                0x00042a41                at_data_task_send_impl = 0x42a41
                0x00042b09                at_data_tx_task_impl = 0x42b09
                0x00042c19                at_func_init = 0x42c19
                0x00042c39                at_get_socket_error_code_impl = 0x42c39
                0x00042c91                at_io01_uart_mode_set_impl = 0x42c91
                0x00042c9d                at_ip_send_data_impl = 0x42c9d
                0x00042e85                at_link_alloc_id_impl = 0x42e85
                0x00042ec5                at_link_alloc_impl = 0x42ec5
                0x00042f11                at_link_get_id_impl = 0x42f11
                0x00042f31                at_link_init_impl = 0x42f31
                0x00042f79                at_module_init_impl = 0x42f79
                0x000430f9                at_msg_ext_init = 0x430f9
                0x00043165                at_msg_ext_wifi_connect_impl = 0x43165
                0x000431f9                at_msg_ext_wifi_disconnect_impl = 0x431f9
                0x00043215                at_msg_ext_wifi_dispatch_connect_reason_impl = 0x43215
                0x00043275                at_msg_ext_wifi_err_impl = 0x43275
                0x000432b1                at_msg_ext_wifi_get_rssi_impl = 0x432b1
                0x000432d5                at_msg_ext_wifi_scan_by_option_impl = 0x432d5
                0x000433fd                at_msg_ext_wifi_scan_sorting_impl = 0x433fd
                0x00043415                at_msg_ext_wifi_show_all_impl = 0x43415
                0x000434a9                at_msg_ext_wifi_show_ap_by_filter_impl = 0x434a9
                0x000434c9                at_msg_ext_wifi_show_one_ap_impl = 0x434c9
                0x000436b9                at_msg_ext_wifi_sorting_impl = 0x436b9
                0x000436c9                at_process_recv_socket_impl = 0x436c9
                0x0004399d                at_response_result = 0x4399d
                0x000439b1                at_semaphore_release_impl = 0x439b1
                0x000439c5                at_server_timeout_cb_impl = 0x439c5
                0x000439e1                at_server_timeout_handler_impl = 0x439e1
                0x00043a85                at_show_socket_error_reason_impl = 0x43a85
                0x00043ae9                at_socket_client_cleanup_task_impl = 0x43ae9
                0x00043b19                at_socket_client_create_task_impl = 0x43b19
                0x00043bf1                at_socket_process_task_impl = 0x43bf1
                0x00043cd5                at_socket_read_impl = 0x43cd5
                0x00043e3d                at_socket_read_set_timeout_impl = 0x43e3d
                0x00043e99                at_socket_server_cleanup_task_impl = 0x43e99
                0x00044005                at_socket_server_create_task_impl = 0x44005
                0x000440d1                at_socket_server_listen_task_impl = 0x440d1
                0x00044209                at_socket_write_set_timeout_impl = 0x44209
                0x00044265                at_task_cmd_process_impl = 0x44265
                0x000442c5                at_task_create_impl = 0x442c5
                0x000442d5                at_task_create_semaphore_impl = 0x442d5
                0x000442f5                at_task_func_init = 0x442f5
                0x0004435d                at_task_impl = 0x4435d
                0x000443f5                at_task_send_impl = 0x443f5
                0x000444b1                at_trans_client_init_impl = 0x444b1
                0x00044629                at_trans_save_link_task_create = 0x44629
                0x00044635                at_trans_save_link_task_create_impl = 0x44635
                0x000446d9                at_trans_save_link_task_impl = 0x446d9
                0x00044731                at_trans_timeout_cb_impl = 0x44731
                0x000447e5                at_uart1_printf = 0x447e5
                0x000447fd                at_uart1_write_buffer = 0x447fd
                0x00044831                at_update_link_count_impl = 0x44831
                0x00044865                at_wifi_event_handler_cb = 0x44865
                0x00044871                at_wifi_event_handler_cb_impl = 0x44871
                0x00044a5d                at_wifi_event_update_status = 0x44a5d
                0x00044a69                at_wifi_event_update_status_impl = 0x44a69
                0x00044aa9                at_wifi_net_task_init_impl = 0x44aa9
                0x00044b01                at_wifi_trans_do_scan_impl = 0x44b01
                0x00044b35                at_wifi_trans_reconnect_impl = 0x44b35
                0x00044bf9                auth_init_impl = 0x44bf9
                0x00044bfd                auto_connect_add_queue_impl = 0x44bfd
                0x00044cb1                auto_connect_del_queue_impl = 0x44cb1
                0x00044cf5                auto_connect_init_impl = 0x44cf5
                0x00044ddd                auto_connect_is_full_impl = 0x44ddd
                0x00044e0d                auto_connect_send_evt_failed_impl = 0x44e0d
                0x00044e25                autoip_accept_packet = 0x44e25
                0x00044e31                autoip_accept_packet_impl = 0x44e31
                0x00044e49                autoip_arp_announce = 0x44e49
                0x00044e5d                autoip_arp_probe = 0x44e5d
                0x00044e71                autoip_arp_reply = 0x44e71
                0x00044e7d                autoip_arp_reply_impl = 0x44e7d
                0x00044fbd                autoip_bind = 0x44fbd
                0x00045061                autoip_create_addr = 0x45061
                0x00045195                autoip_handle_arp_conflict = 0x45195
                0x00045241                autoip_network_changed = 0x45241
                0x0004524d                autoip_network_changed_impl = 0x4524d
                0x00045261                autoip_restart = 0x45261
                0x0004527d                autoip_set_struct = 0x4527d
                0x00045289                autoip_set_struct_impl = 0x45289
                0x0004536d                autoip_start = 0x4536d
                0x00045379                autoip_start_impl = 0x45379
                0x0004557d                autoip_start_probing = 0x4557d
                0x00045649                autoip_stop = 0x45649
                0x00045655                autoip_stop_impl = 0x45655
                0x00045681                autoip_supplied_address = 0x45681
                0x0004568d                autoip_supplied_address_impl = 0x4568d
                0x000456a9                autoip_tmr = 0x456a9
                0x000456b5                autoip_tmr_impl = 0x456b5
                0x0004590d                base_mac_addr_src_get_cfg_impl = 0x4590d
                0x000459a9                base_mac_addr_src_set_cfg_impl = 0x459a9
                0x00045a4d                base_nvm_mac_addr_src_read_impl = 0x45a4d
                0x00045bbd                base_nvm_mac_addr_src_write_impl = 0x45bbd
                0x00045d15                ble_get_config_bd_addr = 0x45d15
                0x00045d21                ble_get_config_bd_addr_impl = 0x45d21
                0x00045d69                ble_set_config_bd_addr = 0x45d69
                0x00045d75                ble_set_config_bd_addr_impl = 0x45d75
                0x00045f11                bss_reset = 0x45f11
                0x00045f21                calculate_duration_impl = 0x45f21
                0x000464d1                ccmp_decrypt_impl = 0x464d1
                0x00046601                ccmp_encrypt_impl = 0x46601
                0x0004671d                ccmp_get_pn = 0x4671d
                0x00046737                check_mac_addr_len_impl = 0x46737
                0x00046763                cipher_suite2driver = 0x46763
                0x00046785                clear_uart_buffer = 0x46785
                0x00046791                cli_do_multilevel_cmd = 0x46791
                0x000467dd                client_test_thread_impl = 0x467dd
                0x00046a0d                connection_connected_ctrl_impl = 0x46a0d
                0x00046b25                control_auto_connect_by_index_impl = 0x46b25
                0x00046b79                control_auto_connect_impl = 0x46b79
                0x00046c71                controller_task = 0x46c71
                0x00046e15                controller_task_create_impl = 0x46e15
                0x00046fb5                controller_task_func_init = 0x46fb5
                0x00046ff9                controller_wifi_cmd_handler_impl = 0x46ff9
                0x00047059                controller_wifi_evt_handler_impl = 0x47059
                0x00047745                controller_wifi_init_impl = 0x47745
                0x000477ad                crc32 = 0x477ad
                0x0004785d                ctrl_iface_get_capability_auth_alg = 0x4785d
                0x00047935                ctrl_iface_get_capability_group = 0x47935
                0x00047a45                ctrl_iface_get_capability_key_mgmt = 0x47a45
                0x00047b3d                ctrl_iface_get_capability_pairwise = 0x47b3d
                0x00047c11                ctrl_iface_get_capability_proto = 0x47c11
                0x00047cb5                cyclic_timer = 0x47cb5
                0x00047d5d                data_process_ble = 0x47d5d
                0x00047e19                data_process_cmd_mode = 0x47e19
                0x00047e55                data_process_data_len_get = 0x47e55
                0x00047e71                data_process_func_init = 0x47e71
                0x00047e81                data_process_handler = 0x47e81
                0x00047f81                data_process_init = 0x47f81
                0x00047f99                data_process_lock = 0x47f99
                0x00047fdd                data_process_lock_get = 0x47fdd
                0x00047fe9                data_process_others = 0x47fe9
                0x00048049                data_process_pip = 0x48049
                0x0004804d                data_process_property = 0x4804d
                0x0004809d                data_process_rf = 0x4809d
                0x000480ed                data_process_sys = 0x480ed
                0x0004813d                data_process_tcpip = 0x4813d
                0x0004818d                data_process_unlock = 0x4818d
                0x00048191                data_process_wifi = 0x48191
                0x00048195                data_process_wifi_parse = 0x48195
                0x000481e5                debug_auto_connect_impl = 0x481e5
                0x00048411                debug_cli_mac_addr_src_impl = 0x48411
                0x000484c5                delay = 0x484c5
                0x00048531                dhcp_arp_reply = 0x48531
                0x0004853d                dhcp_arp_reply_impl = 0x4853d
                0x0004866d                dhcp_bind = 0x4866d
                0x00048a0d                dhcp_check = 0x48a0d
                0x00048b35                dhcp_cleanup = 0x48b35
                0x00048b41                dhcp_cleanup_impl = 0x48b41
                0x00048bb9                dhcp_coarse_tmr = 0x48bb9
                0x00048bc5                dhcp_coarse_tmr_impl = 0x48bc5
                0x00048d11                dhcp_config_init_impl = 0x48d11
                0x00048d15                dhcp_create_msg = 0x48d15
                0x00049075                dhcp_dec_pcb_refcount = 0x49075
                0x0004911d                dhcp_decline = 0x4911d
                0x000492b1                dhcp_delete_msg = 0x492b1
                0x000493d1                dhcp_discover = 0x493d1
                0x00049691                dhcp_fine_tmr = 0x49691
                0x0004969d                dhcp_fine_tmr_impl = 0x4969d
                0x0004971d                dhcp_handle_ack = 0x4971d
                0x000497c1                dhcp_handle_nak = 0x497c1
                0x00049861                dhcp_handle_offer = 0x49861
                0x000499dd                dhcp_inc_pcb_refcount = 0x499dd